C:/Users/Admin/Downloads/HeNhung20260716.2/Embedded_Group9_20252/TouchGFX/target/TouchGFXGPIO.cpp:75:6:static void touchgfx::GPIO::set(GPIO_ID)	0	static
C:/Users/Admin/Downloads/HeNhung20260716.2/Embedded_Group9_20252/TouchGFX/target/TouchGFXGPIO.cpp:105:6:static void touchgfx::GPIO::clear(GPIO_ID)	0	static
C:/Users/Admin/Downloads/HeNhung20260716.2/Embedded_Group9_20252/TouchGFX/target/TouchGFXGPIO.cpp:135:6:static void touchgfx::GPIO::toggle(GPIO_ID)	0	static
C:/Users/Admin/Downloads/HeNhung20260716.2/Embedded_Group9_20252/TouchGFX/target/TouchGFXGPIO.cpp:165:6:static bool touchgfx::GPIO::get(GPIO_ID)	8	static
C:/Users/Admin/Downloads/HeNhung20260716.2/Embedded_Group9_20252/TouchGFX/target/TouchGFXGPIO.cpp:58:6:static void touchgfx::GPIO::init()	16	static
