../../Middlewares/ST/touchgfx/framework/include/touchgfx/Screen.hpp:104:18:virtual void touchgfx::Screen::afterTransition()	0	static
../../Middlewares/ST/touchgfx/framework/include/touchgfx/Screen.hpp:144:18:virtual void touchgfx::Screen::handleTickEvent()	0	static
../../Middlewares/ST/touchgfx/framework/include/touchgfx/Screen.hpp:154:18:virtual void touchgfx::Screen::handleKeyEvent(uint8_t)	0	static
../../Middlewares/ST/touchgfx/framework/include/touchgfx/Callback.hpp:357:8:touchgfx::Callback<ClearScreenView, const touchgfx::AbstractButtonContainer&>::~Callback()	0	static
C:/Users/Admin/Downloads/HeNhung20260716.2/Embedded_Group9_20252/TouchGFX/gui/src/clearscreen_screen/ClearScreenView.cpp:45:6:virtual void ClearScreenView::tearDownScreen()	0	static
../../Middlewares/ST/touchgfx/framework/include/touchgfx/Callback.hpp:386:18:void touchgfx::Callback<dest_type, T1, void, void>::execute(T1) [with dest_type = ClearScreenView; T1 = const touchgfx::AbstractButtonContainer&]	8	static
../../Middlewares/ST/touchgfx/framework/include/touchgfx/Callback.hpp:396:18:bool touchgfx::Callback<dest_type, T1, void, void>::isValid() const [with dest_type = ClearScreenView; T1 = const touchgfx::AbstractButtonContainer&]	0	static
../../Middlewares/ST/touchgfx/framework/include/touchgfx/Callback.hpp:357:8:virtual touchgfx::Callback<ClearScreenView, const touchgfx::AbstractButtonContainer&>::~Callback()	8	static
C:/Users/Admin/Downloads/HeNhung20260716.2/Embedded_Group9_20252/TouchGFX/gui/src/clearscreen_screen/ClearScreenView.cpp:50:6:void ClearScreenView::tryAgainButtonClicked(const touchgfx::AbstractButtonContainer&)	8	static
C:/Users/Admin/Downloads/HeNhung20260716.2/Embedded_Group9_20252/TouchGFX/gui/src/clearscreen_screen/ClearScreenView.cpp:57:6:void ClearScreenView::returnMenuButtonClicked(const touchgfx::AbstractButtonContainer&)	8	static
../../TouchGFX/gui/include/gui/clearscreen_screen/ClearScreenView.hpp:12:13:ClearScreenView::~ClearScreenView()	8	static
../../TouchGFX/gui/include/gui/clearscreen_screen/ClearScreenView.hpp:12:13:virtual ClearScreenView::~ClearScreenView()	8	static
C:/Users/Admin/Downloads/HeNhung20260716.2/Embedded_Group9_20252/TouchGFX/gui/src/clearscreen_screen/ClearScreenView.cpp:3:1:ClearScreenView::ClearScreenView()	8	static
C:/Users/Admin/Downloads/HeNhung20260716.2/Embedded_Group9_20252/TouchGFX/gui/src/clearscreen_screen/ClearScreenView.cpp:10:6:virtual void ClearScreenView::setupScreen()	16	static
