../../Middlewares/ST/touchgfx/framework/include/touchgfx/Screen.hpp:104:18:virtual void touchgfx::Screen::afterTransition()	0	static
../../Middlewares/ST/touchgfx/framework/include/touchgfx/Screen.hpp:144:18:virtual void touchgfx::Screen::handleTickEvent()	0	static
../../Middlewares/ST/touchgfx/framework/include/touchgfx/Screen.hpp:154:18:virtual void touchgfx::Screen::handleKeyEvent(uint8_t)	0	static
C:/TouchGFXProjects/GeometryDash/TouchGFX/gui/src/clearscreen_screen/ClearScreenView.cpp:13:6:virtual void ClearScreenView::tearDownScreen()	0	static
../../TouchGFX/gui/include/gui/clearscreen_screen/ClearScreenView.hpp:11:13:ClearScreenView::~ClearScreenView()	8	static
../../TouchGFX/gui/include/gui/clearscreen_screen/ClearScreenView.hpp:11:13:virtual ClearScreenView::~ClearScreenView()	8	static
C:/TouchGFXProjects/GeometryDash/TouchGFX/gui/src/clearscreen_screen/ClearScreenView.cpp:3:1:ClearScreenView::ClearScreenView()	8	static
C:/TouchGFXProjects/GeometryDash/TouchGFX/gui/src/clearscreen_screen/ClearScreenView.cpp:8:6:virtual void ClearScreenView::setupScreen()	0	static
