../../TouchGFX/gui/include/gui/clearscreen_screen/ClearScreenPresenter.hpp:28:13:ClearScreenPresenter::~ClearScreenPresenter()	0	static
C:/Users/Admin/Downloads/HeNhung20260716.2/Embedded_Group9_20252/TouchGFX/gui/src/clearscreen_screen/ClearScreenPresenter.cpp:10:6:virtual void ClearScreenPresenter::activate()	0	static
../../TouchGFX/gui/include/gui/clearscreen_screen/ClearScreenPresenter.hpp:28:13:virtual ClearScreenPresenter::~ClearScreenPresenter()	8	static
../../TouchGFX/gui/include/gui/clearscreen_screen/ClearScreenPresenter.hpp:28:13:virtual void* ClearScreenPresenter::_ZThn4_N20ClearScreenPresenterD1Ev()	0	static
C:/Users/Admin/Downloads/HeNhung20260716.2/Embedded_Group9_20252/TouchGFX/gui/src/clearscreen_screen/ClearScreenPresenter.cpp:4:1:ClearScreenPresenter::ClearScreenPresenter(ClearScreenView&)	0	static
C:/Users/Admin/Downloads/HeNhung20260716.2/Embedded_Group9_20252/TouchGFX/gui/src/clearscreen_screen/ClearScreenPresenter.cpp:20:10:uint32_t ClearScreenPresenter::getAttemptCount() const	0	static
C:/Users/Admin/Downloads/HeNhung20260716.2/Embedded_Group9_20252/TouchGFX/gui/src/clearscreen_screen/ClearScreenPresenter.cpp:25:10:uint32_t ClearScreenPresenter::getJumpCount() const	0	static
C:/Users/Admin/Downloads/HeNhung20260716.2/Embedded_Group9_20252/TouchGFX/gui/src/clearscreen_screen/ClearScreenPresenter.cpp:30:10:uint32_t ClearScreenPresenter::getPlayTime() const	0	static
C:/Users/Admin/Downloads/HeNhung20260716.2/Embedded_Group9_20252/TouchGFX/gui/src/clearscreen_screen/ClearScreenPresenter.cpp:35:6:void ClearScreenPresenter::resetAttempt()	0	static
C:/Users/Admin/Downloads/HeNhung20260716.2/Embedded_Group9_20252/TouchGFX/gui/src/clearscreen_screen/ClearScreenPresenter.cpp:40:6:void ClearScreenPresenter::resetGameStats()	0	static
