../../Middlewares/ST/touchgfx/framework/include/touchgfx/Screen.hpp:104:18:virtual void touchgfx::Screen::afterTransition()	0	static
../../Middlewares/ST/touchgfx/framework/include/touchgfx/Screen.hpp:144:18:virtual void touchgfx::Screen::handleTickEvent()	0	static
../../Middlewares/ST/touchgfx/framework/include/touchgfx/Screen.hpp:154:18:virtual void touchgfx::Screen::handleKeyEvent(uint8_t)	0	static
C:/TouchGFXProjects/GeometryDash/TouchGFX/gui/src/failedscreen_screen/FailedScreenView.cpp:13:6:virtual void FailedScreenView::tearDownScreen()	0	static
../../TouchGFX/gui/include/gui/failedscreen_screen/FailedScreenView.hpp:11:13:FailedScreenView::~FailedScreenView()	8	static
../../TouchGFX/gui/include/gui/failedscreen_screen/FailedScreenView.hpp:11:13:virtual FailedScreenView::~FailedScreenView()	8	static
C:/TouchGFXProjects/GeometryDash/TouchGFX/gui/src/failedscreen_screen/FailedScreenView.cpp:3:1:FailedScreenView::FailedScreenView()	8	static
C:/TouchGFXProjects/GeometryDash/TouchGFX/gui/src/failedscreen_screen/FailedScreenView.cpp:8:6:virtual void FailedScreenView::setupScreen()	0	static
