../../TouchGFX/gui/include/gui/failedscreen_screen/FailedScreenPresenter.hpp:28:13:FailedScreenPresenter::~FailedScreenPresenter()	0	static
C:/TouchGFXProjects/Embedded_Group9_20252/TouchGFX/gui/src/failedscreen_screen/FailedScreenPresenter.cpp:10:6:virtual void FailedScreenPresenter::activate()	0	static
../../TouchGFX/gui/include/gui/failedscreen_screen/FailedScreenPresenter.hpp:28:13:virtual FailedScreenPresenter::~FailedScreenPresenter()	8	static
../../TouchGFX/gui/include/gui/failedscreen_screen/FailedScreenPresenter.hpp:28:13:virtual void* FailedScreenPresenter::_ZThn4_N21FailedScreenPresenterD1Ev()	0	static
C:/TouchGFXProjects/Embedded_Group9_20252/TouchGFX/gui/src/failedscreen_screen/FailedScreenPresenter.cpp:4:1:FailedScreenPresenter::FailedScreenPresenter(FailedScreenView&)	0	static
C:/TouchGFXProjects/Embedded_Group9_20252/TouchGFX/gui/src/failedscreen_screen/FailedScreenPresenter.cpp:20:10:uint32_t FailedScreenPresenter::getAttemptCount() const	0	static
C:/TouchGFXProjects/Embedded_Group9_20252/TouchGFX/gui/src/failedscreen_screen/FailedScreenPresenter.cpp:25:10:uint32_t FailedScreenPresenter::getJumpCount() const	0	static
C:/TouchGFXProjects/Embedded_Group9_20252/TouchGFX/gui/src/failedscreen_screen/FailedScreenPresenter.cpp:30:10:uint32_t FailedScreenPresenter::getPlayTime() const	0	static
C:/TouchGFXProjects/Embedded_Group9_20252/TouchGFX/gui/src/failedscreen_screen/FailedScreenPresenter.cpp:35:10:uint32_t FailedScreenPresenter::getDistance() const	0	static
C:/TouchGFXProjects/Embedded_Group9_20252/TouchGFX/gui/src/failedscreen_screen/FailedScreenPresenter.cpp:40:6:void FailedScreenPresenter::resetAttempt()	0	static
C:/TouchGFXProjects/Embedded_Group9_20252/TouchGFX/gui/src/failedscreen_screen/FailedScreenPresenter.cpp:45:6:void FailedScreenPresenter::resetGameStats()	0	static
C:/TouchGFXProjects/Embedded_Group9_20252/TouchGFX/gui/src/failedscreen_screen/FailedScreenPresenter.cpp:50:6:void FailedScreenPresenter::increaseAttempt()	0	static
