../../TouchGFX/gui/include/gui/gamescreen_screen/GameScreenPresenter.hpp:41:13:GameScreenPresenter::~GameScreenPresenter()	0	static
C:/Users/Admin/Downloads/HeNhung20260716.2/Embedded_Group9_20252/TouchGFX/gui/src/gamescreen_screen/GameScreenPresenter.cpp:10:6:virtual void GameScreenPresenter::activate()	0	static
../../TouchGFX/gui/include/gui/gamescreen_screen/GameScreenPresenter.hpp:41:13:virtual GameScreenPresenter::~GameScreenPresenter()	8	static
../../TouchGFX/gui/include/gui/gamescreen_screen/GameScreenPresenter.hpp:41:13:virtual void* GameScreenPresenter::_ZThn4_N19GameScreenPresenterD1Ev()	0	static
C:/Users/Admin/Downloads/HeNhung20260716.2/Embedded_Group9_20252/TouchGFX/gui/src/gamescreen_screen/GameScreenPresenter.cpp:4:1:GameScreenPresenter::GameScreenPresenter(GameScreenView&)	0	static
C:/Users/Admin/Downloads/HeNhung20260716.2/Embedded_Group9_20252/TouchGFX/gui/src/gamescreen_screen/GameScreenPresenter.cpp:20:6:void GameScreenPresenter::increaseAttempt()	0	static
C:/Users/Admin/Downloads/HeNhung20260716.2/Embedded_Group9_20252/TouchGFX/gui/src/gamescreen_screen/GameScreenPresenter.cpp:25:6:void GameScreenPresenter::increaseJump()	0	static
C:/Users/Admin/Downloads/HeNhung20260716.2/Embedded_Group9_20252/TouchGFX/gui/src/gamescreen_screen/GameScreenPresenter.cpp:30:6:void GameScreenPresenter::increasePlayTime()	0	static
C:/Users/Admin/Downloads/HeNhung20260716.2/Embedded_Group9_20252/TouchGFX/gui/src/gamescreen_screen/GameScreenPresenter.cpp:35:6:void GameScreenPresenter::setDistance(int16_t)	0	static
C:/Users/Admin/Downloads/HeNhung20260716.2/Embedded_Group9_20252/TouchGFX/gui/src/gamescreen_screen/GameScreenPresenter.cpp:40:6:void GameScreenPresenter::resetGameStats()	0	static
C:/Users/Admin/Downloads/HeNhung20260716.2/Embedded_Group9_20252/TouchGFX/gui/src/gamescreen_screen/GameScreenPresenter.cpp:45:6:void GameScreenPresenter::resetAttempt()	0	static
C:/Users/Admin/Downloads/HeNhung20260716.2/Embedded_Group9_20252/TouchGFX/gui/src/gamescreen_screen/GameScreenPresenter.cpp:50:10:uint32_t GameScreenPresenter::getAttemptCount() const	0	static
C:/Users/Admin/Downloads/HeNhung20260716.2/Embedded_Group9_20252/TouchGFX/gui/src/gamescreen_screen/GameScreenPresenter.cpp:55:10:uint32_t GameScreenPresenter::getJumpCount() const	0	static
C:/Users/Admin/Downloads/HeNhung20260716.2/Embedded_Group9_20252/TouchGFX/gui/src/gamescreen_screen/GameScreenPresenter.cpp:60:10:uint32_t GameScreenPresenter::getPlayTime() const	0	static
C:/Users/Admin/Downloads/HeNhung20260716.2/Embedded_Group9_20252/TouchGFX/gui/src/gamescreen_screen/GameScreenPresenter.cpp:65:10:uint32_t GameScreenPresenter::getDistance() const	0	static
