../../Middlewares/ST/touchgfx/framework/include/touchgfx/Drawable.hpp:147:23:virtual touchgfx::Drawable* touchgfx::Drawable::getFirstChild()	0	static
../../Middlewares/ST/touchgfx/framework/include/touchgfx/Drawable.hpp:315:18:virtual void touchgfx::Drawable::setX(int16_t)	0	static
../../Middlewares/ST/touchgfx/framework/include/touchgfx/Drawable.hpp:327:18:virtual void touchgfx::Drawable::setY(int16_t)	0	static
../../Middlewares/ST/touchgfx/framework/include/touchgfx/Drawable.hpp:356:18:virtual void touchgfx::Drawable::setWidth(int16_t)	0	static
../../Middlewares/ST/touchgfx/framework/include/touchgfx/Drawable.hpp:368:18:virtual void touchgfx::Drawable::setHeight(int16_t)	0	static
../../Middlewares/ST/touchgfx/framework/include/touchgfx/Drawable.hpp:378:18:virtual void touchgfx::Drawable::childGeometryChanged()	0	static
../../Middlewares/ST/touchgfx/framework/include/touchgfx/Drawable.hpp:389:18:virtual void touchgfx::Drawable::handleClickEvent(const touchgfx::ClickEvent&)	0	static
../../Middlewares/ST/touchgfx/framework/include/touchgfx/Drawable.hpp:401:18:virtual void touchgfx::Drawable::handleGestureEvent(const touchgfx::GestureEvent&)	0	static
../../Middlewares/ST/touchgfx/framework/include/touchgfx/Drawable.hpp:490:18:virtual void touchgfx::Drawable::handleDragEvent(const touchgfx::DragEvent&)	0	static
../../Middlewares/ST/touchgfx/framework/include/touchgfx/Drawable.hpp:501:18:virtual void touchgfx::Drawable::handleTickEvent()	0	static
../../Middlewares/ST/touchgfx/framework/include/touchgfx/Drawable.hpp:588:18:virtual void touchgfx::Drawable::moveTo(int16_t, int16_t)	4	static
../../Middlewares/ST/touchgfx/framework/include/touchgfx/Drawable.hpp:703:18:virtual void touchgfx::Drawable::setupDrawChain(const touchgfx::Rect&, touchgfx::Drawable**)	0	static
../../Middlewares/ST/touchgfx/framework/include/touchgfx/Screen.hpp:104:18:virtual void touchgfx::Screen::afterTransition()	0	static
../../TouchGFX/generated/gui_generated/include/gui_generated/gamescreen_screen/GameScreenViewBase.hpp:29:18:virtual void GameScreenViewBase::function1()	0	static
../../Middlewares/ST/touchgfx/framework/include/touchgfx/Callback.hpp:357:8:touchgfx::Callback<GameScreenView, const touchgfx::AbstractButtonContainer&>::~Callback()	0	static
C:/Users/Admin/Downloads/HeNhung20260716.2/Embedded_Group9_20252/TouchGFX/gui/src/gamescreen_screen/GameScreenView.cpp:115:6:virtual void GameScreenView::tearDownScreen()	0	static
../../Middlewares/ST/touchgfx/framework/include/touchgfx/Callback.hpp:386:18:void touchgfx::Callback<dest_type, T1, void, void>::execute(T1) [with dest_type = GameScreenView; T1 = const touchgfx::AbstractButtonContainer&]	8	static
../../Middlewares/ST/touchgfx/framework/include/touchgfx/Callback.hpp:396:18:bool touchgfx::Callback<dest_type, T1, void, void>::isValid() const [with dest_type = GameScreenView; T1 = const touchgfx::AbstractButtonContainer&]	0	static
C:/Users/Admin/Downloads/HeNhung20260716.2/Embedded_Group9_20252/TouchGFX/gui/src/gamescreen_screen/GameScreenView.cpp:613:6:void GameScreenView::continueButtonClicked(const touchgfx::AbstractButtonContainer&)	0	static
../../Middlewares/ST/touchgfx/framework/include/touchgfx/Callback.hpp:357:8:virtual touchgfx::Callback<GameScreenView, const touchgfx::AbstractButtonContainer&>::~Callback()	8	static
C:/Users/Admin/Downloads/HeNhung20260716.2/Embedded_Group9_20252/TouchGFX/gui/src/gamescreen_screen/GameScreenView.cpp:623:6:void GameScreenView::tryAgainButtonClicked(const touchgfx::AbstractButtonContainer&)	8	static
C:/Users/Admin/Downloads/HeNhung20260716.2/Embedded_Group9_20252/TouchGFX/gui/src/gamescreen_screen/GameScreenView.cpp:573:6:void GameScreenView::pauseButtonClicked(const touchgfx::AbstractButtonContainer&)	16	static
C:/Users/Admin/Downloads/HeNhung20260716.2/Embedded_Group9_20252/TouchGFX/gui/src/gamescreen_screen/GameScreenView.cpp:628:6:void GameScreenView::quitButtonClicked(const touchgfx::AbstractButtonContainer&)	8	static
../../TouchGFX/gui/include/gui/gamescreen_screen/GameScreenView.hpp:13:13:GameScreenView::~GameScreenView()	32	static
../../TouchGFX/gui/include/gui/gamescreen_screen/GameScreenView.hpp:13:13:virtual GameScreenView::~GameScreenView()	8	static
../../Middlewares/ST/touchgfx/framework/include/touchgfx/Drawable.hpp:121:18:virtual void touchgfx::Drawable::invalidateContent() const	0	static
../../Middlewares/ST/touchgfx/framework/include/touchgfx/widgets/Widget.hpp:45:18:virtual void touchgfx::Widget::getLastChild(int16_t, int16_t, touchgfx::Drawable**)	0	static
../../Middlewares/ST/touchgfx/framework/include/touchgfx/Drawable.hpp:343:10:void touchgfx::Drawable::setXY(int16_t, int16_t)	16	static
../../Middlewares/ST/touchgfx/framework/include/touchgfx/widgets/Image.hpp:50:5:touchgfx::Image::Image(const touchgfx::Bitmap&)	8	static
C:/Users/Admin/Downloads/HeNhung20260716.2/Embedded_Group9_20252/TouchGFX/gui/src/gamescreen_screen/GameScreenView.cpp:5:1:GameScreenView::GameScreenView()	40	static
C:/Users/Admin/Downloads/HeNhung20260716.2/Embedded_Group9_20252/TouchGFX/gui/src/gamescreen_screen/GameScreenView.cpp:237:6:void GameScreenView::spawnObstacle(int16_t, int16_t)	16	static
C:/Users/Admin/Downloads/HeNhung20260716.2/Embedded_Group9_20252/TouchGFX/gui/src/gamescreen_screen/GameScreenView.cpp:275:6:bool GameScreenView::checkCollision(const touchgfx::Image&, const touchgfx::Image&)	8	static
C:/Users/Admin/Downloads/HeNhung20260716.2/Embedded_Group9_20252/TouchGFX/gui/src/gamescreen_screen/GameScreenView.cpp:284:6:void GameScreenView::spawnPlatform(int16_t, int16_t)	24	static
C:/Users/Admin/Downloads/HeNhung20260716.2/Embedded_Group9_20252/TouchGFX/gui/src/gamescreen_screen/GameScreenView.cpp:329:6:bool GameScreenView::checkPlatformLanding(Platform&)	24	static
C:/Users/Admin/Downloads/HeNhung20260716.2/Embedded_Group9_20252/TouchGFX/gui/src/gamescreen_screen/GameScreenView.cpp:299:6:void GameScreenView::updatePlatforms()	24	static
C:/Users/Admin/Downloads/HeNhung20260716.2/Embedded_Group9_20252/TouchGFX/gui/src/gamescreen_screen/GameScreenView.cpp:420:6:void GameScreenView::spawnStep(int16_t, uint8_t)	24	static
C:/Users/Admin/Downloads/HeNhung20260716.2/Embedded_Group9_20252/TouchGFX/gui/src/gamescreen_screen/GameScreenView.cpp:531:6:void GameScreenView::onPlayerHit()	8	static
C:/Users/Admin/Downloads/HeNhung20260716.2/Embedded_Group9_20252/TouchGFX/gui/src/gamescreen_screen/GameScreenView.cpp:252:6:void GameScreenView::updateObstacles()	24	static
C:/Users/Admin/Downloads/HeNhung20260716.2/Embedded_Group9_20252/TouchGFX/gui/src/gamescreen_screen/GameScreenView.cpp:449:6:bool GameScreenView::checkStepCollision(Step&)	24	static
C:/Users/Admin/Downloads/HeNhung20260716.2/Embedded_Group9_20252/TouchGFX/gui/src/gamescreen_screen/GameScreenView.cpp:501:6:void GameScreenView::updateSteps()	32	static
C:/Users/Admin/Downloads/HeNhung20260716.2/Embedded_Group9_20252/TouchGFX/gui/src/gamescreen_screen/GameScreenView.cpp:543:6:void GameScreenView::onLevelClear()	8	static
C:/Users/Admin/Downloads/HeNhung20260716.2/Embedded_Group9_20252/TouchGFX/gui/src/gamescreen_screen/GameScreenView.cpp:120:6:virtual void GameScreenView::handleTickEvent()	32	static
C:/Users/Admin/Downloads/HeNhung20260716.2/Embedded_Group9_20252/TouchGFX/gui/src/gamescreen_screen/GameScreenView.cpp:31:6:virtual void GameScreenView::setupScreen()	56	static
C:/Users/Admin/Downloads/HeNhung20260716.2/Embedded_Group9_20252/TouchGFX/gui/src/gamescreen_screen/GameScreenView.cpp:552:6:virtual void GameScreenView::handleClickEvent(const touchgfx::ClickEvent&)	16	static
